warning: `VIRTUAL_ENV=venv` does not match the project environment path `.venv` and will be ignored; use `--active` to target the active environment instead

🧪 Starting Vertex AI Evaluation (Pattern Refactor) against http://34.122.99.196...
🆔 New Agent Client (Session: 0d3a4170-5f8a-425d-87a5-8d580a4038e0)

[Step 1] Market Analysis
Associating projects/104563134786/locations/us-central1/metadataStores/default/contexts/financial-advisor-eval-v2-6052ca04-7c5e-4d2e-bbd1-2950bb90ea48 to Experiment: financial-advisor-eval-v2
Traceback (most recent call last):
  File "/Users/laah/Code/cybernetic-governance-engine/tests/test_vertex_evaluation.py", line 236, in <module>
    test_vertex_evaluation()
  File "/Users/laah/Code/cybernetic-governance-engine/tests/test_vertex_evaluation.py", line 197, in test_vertex_evaluation
    result = eval_task.evaluate(
             ^^^^^^^^^^^^^^^^^^^
  File "/Users/laah/Code/cybernetic-governance-engine/.venv/lib/python3.12/site-packages/vertexai/preview/evaluation/eval_task.py", line 493, in evaluate
    eval_result = self._evaluate_with_experiment(
                  ^^^^^^^^^^^^^^^^^^^^^^^^^^^^^^^
  File "/Users/laah/Code/cybernetic-governance-engine/.venv/lib/python3.12/site-packages/vertexai/preview/evaluation/eval_task.py", line 376, in _evaluate_with_experiment
    with vertexai.preview.start_run(experiment_run_name):
         ^^^^^^^^^^^^^^^^^^^^^^^^^^^^^^^^^^^^^^^^^^^^^^^
  File "/Users/laah/Code/cybernetic-governance-engine/.venv/lib/python3.12/site-packages/google/cloud/aiplatform/metadata/metadata.py", line 495, in start_run
    self._experiment_run = experiment_run_resource.ExperimentRun.create(
                           ^^^^^^^^^^^^^^^^^^^^^^^^^^^^^^^^^^^^^^^^^^^^^
  File "/Users/laah/Code/cybernetic-governance-engine/.venv/lib/python3.12/site-packages/google/cloud/aiplatform/metadata/experiment_run_resource.py", line 784, in create
    experiment_run._associate_to_experiment(experiment)
  File "/Users/laah/Code/cybernetic-governance-engine/.venv/lib/python3.12/site-packages/google/cloud/aiplatform/metadata/experiment_resources.py", line 814, in _associate_to_experiment
    experiment._log_experiment_loggable(self)
  File "/Users/laah/Code/cybernetic-governance-engine/.venv/lib/python3.12/site-packages/google/cloud/aiplatform/metadata/experiment_resources.py", line 656, in _log_experiment_loggable
    self._metadata_context.add_context_children([context])
  File "/Users/laah/Code/cybernetic-governance-engine/.venv/lib/python3.12/site-packages/google/cloud/aiplatform/metadata/context.py", line 394, in add_context_children
    self.api_client.add_context_children(
  File "/Users/laah/Code/cybernetic-governance-engine/.venv/lib/python3.12/site-packages/google/cloud/aiplatform_v1/services/metadata_service/client.py", line 3155, in add_context_children
    response = rpc(
               ^^^^
  File "/Users/laah/Code/cybernetic-governance-engine/.venv/lib/python3.12/site-packages/google/api_core/gapic_v1/method.py", line 131, in __call__
    return wrapped_func(*args, **kwargs)
           ^^^^^^^^^^^^^^^^^^^^^^^^^^^^^
  File "/Users/laah/Code/cybernetic-governance-engine/.venv/lib/python3.12/site-packages/google/api_core/grpc_helpers.py", line 75, in error_remapped_callable
    return callable_(*args, **kwargs)
           ^^^^^^^^^^^^^^^^^^^^^^^^^^
  File "/Users/laah/Code/cybernetic-governance-engine/.venv/lib/python3.12/site-packages/grpc/_interceptor.py", line 276, in __call__
    response, ignored_call = self._with_call(
                             ^^^^^^^^^^^^^^^^
  File "/Users/laah/Code/cybernetic-governance-engine/.venv/lib/python3.12/site-packages/grpc/_interceptor.py", line 328, in _with_call
    call = self._interceptor.intercept_unary_unary(
           ^^^^^^^^^^^^^^^^^^^^^^^^^^^^^^^^^^^^^^^^
  File "/Users/laah/Code/cybernetic-governance-engine/.venv/lib/python3.12/site-packages/google/cloud/aiplatform_v1/services/metadata_service/transports/grpc.py", line 93, in intercept_unary_unary
    response = continuation(client_call_details, request)
               ^^^^^^^^^^^^^^^^^^^^^^^^^^^^^^^^^^^^^^^^^^
  File "/Users/laah/Code/cybernetic-governance-engine/.venv/lib/python3.12/site-packages/grpc/_interceptor.py", line 314, in continuation
    response, call = self._thunk(new_method).with_call(
                     ^^^^^^^^^^^^^^^^^^^^^^^^^^^^^^^^^^
  File "/Users/laah/Code/cybernetic-governance-engine/.venv/lib/python3.12/site-packages/grpc/_channel.py", line 1170, in with_call
    state, call = self._blocking(
                  ^^^^^^^^^^^^^^^
  File "/Users/laah/Code/cybernetic-governance-engine/.venv/lib/python3.12/site-packages/grpc/_channel.py", line 1143, in _blocking
    event = call.next_event()
            ^^^^^^^^^^^^^^^^^
  File "src/python/grpcio/grpc/_cython/_cygrpc/channel.pyx.pxi", line 388, in grpc._cython.cygrpc.SegregatedCall.next_event
  File "src/python/grpcio/grpc/_cython/_cygrpc/channel.pyx.pxi", line 211, in grpc._cython.cygrpc._next_call_event
  File "src/python/grpcio/grpc/_cython/_cygrpc/channel.pyx.pxi", line 205, in grpc._cython.cygrpc._next_call_event
  File "src/python/grpcio/grpc/_cython/_cygrpc/completion_queue.pyx.pxi", line 97, in grpc._cython.cygrpc._latent_event
  File "src/python/grpcio/grpc/_cython/_cygrpc/completion_queue.pyx.pxi", line 80, in grpc._cython.cygrpc._internal_latent_event
  File "src/python/grpcio/grpc/_cython/_cygrpc/completion_queue.pyx.pxi", line 61, in grpc._cython.cygrpc._next
KeyboardInterrupt
